// Jest Snapshot v1, https://goo.gl/fbAQLP

exports[`renders Account unchanged 1`] = `<div />`;
